// Jest Snapshot v1, https://goo.gl/fbAQLP

exports[`<LineDescription /> renders without crashing 1`] = `
<TransitionGroup
  childFactory={[Function]}
  component={null}
>
  <CSSTransition
    appear={true}
    classNames="line-description-transition"
    timeout={3000}
  >
    <div
      className="line-description-container"
    >
      <div
        className="line-description-title"
      >
        <h1
          className="title"
        >
          Title
        </h1>
        <p
          className="subtitle"
        >
          Subtitle
        </p>
      </div>
      Description
    </div>
  </CSSTransition>
</TransitionGroup>
`;
