exports[`<Home /> matches the Jest snapshot 1`] = `"<div class=\"page-content\"><span><div class=\"home-text home-transition-0-appear\">Between January 1, 2015 and December 31, 2016</div></span><span><div class=\"home-text-large home-transition-1-appear\"><b>0</b> people</div></span><span><div class=\"home-text home-transition-2-appear\">were killed by police in the United States.</div></span><span><div class=\"home-text home-transition-3-appear\">That amounts to roughly <b class=\"home-text-large\">0.0</b> people per day.</div></span><span><div class=\"home-text home-transition-4-appear\">Here\'s what we know.</div></span><span><div class=\"home-text home-transition-5-appear\" style=\"font-family: HelveticaNeue, Helvetica, sans-serif; margin-top: 5%; font-weight: 900;\">An Investigation | By Parker Ziegler</div></span></div>"`;
